digraph {
node0 [label = "/"];
node1 [label = "-"];
node2 [label = "/SiteWebIF/Intranet-etudiant.php"];
node3 [label = "http://if.insa-lyon.fr/"];
node4 [label = "/SiteWebIF/Intranet-etudiant.php?ticket=ST-341667-KHlNEzic9e5btb4JQ1Nw-dsi-vm03"];
node5 [label = "/favicon.ico"];
node6 [label = "/image.jpg"];
node7 [label = "/page3.html"];
node8 [label = "/page1.html"];
node9 [label = "/page2.html"];
node10 [label = "/stages/Listestage.php"];
node11 [label = "/temps/"];
node12 [label = "http://www.google.fr/search?hl=fr&gl=FR&ie=UTF-8&source=android-browser&q=intranet+if&redir_esc=&ei=ng1LUJe9KIGf0QXdg4HoAg"];
node13 [label = "http://www.google.fr/url?sa=t&rct=j&q=&esrc=s&source=web&cd=2&ved=0CDIQFjAB&url=http%3A%2F%2Fintranet-if.insa-lyon.fr%2Ftemps%2F&ei=_wxLUKCwEMaJhQe08oCYCw&usg=AFQjCNEWrHsRdIlhli_31qYl94w-yMCjpw&sig2=eTdZgqmz8aDAi5eiWxEP1g"];
node14 [label = "/temps/3IF1.ics"];
node15 [label = "/temps/3IF37.html"];
node16 [label = "/temps/3IF38.html"];
node17 [label = "/temps/3IF39.html"];
node18 [label = "/temps/3IF40.html"];
node19 [label = "/temps/3IF41.html"];
node20 [label = "/temps/3IF42.html"];
node21 [label = "/temps/3IF43.html"];
node22 [label = "/temps/3IF44.html"];
node23 [label = "/temps/3IF45.html"];
node24 [label = "/temps/4IF16.html"];
node25 [label = "/temps/4IF15.html"];
node26 [label = "/temps/4IF17.html"];
node27 [label = "/temps/4IF18.html"];
node28 [label = "/temps/4IF19.html"];
node29 [label = "/temps/4IF20.html"];
node30 [label = "/temps/FondInsa.jpg"];
node31 [label = "/temps/style_emploi_du_temps.css"];
node32 [label = "/temps/InsaIF.ico"];
node33 [label = "/temps/MK.ics"];
node34 [label = "/temps/choix.gif"];
node35 [label = "/temps/index.html"];
node36 [label = "/temps/precedent.gif"];
node37 [label = "/temps/suivant.gif"];
node1 -> node2[label = 1];
node3 -> node2[label = 1];
node1 -> node4[label = 1];
node0 -> node5[label = 1];
node7 -> node6[label = 1];
node9 -> node8[label = 1];
node7 -> node9[label = 1];
node9 -> node7[label = 1];
node2 -> node10[label = 1];
node12 -> node11[label = 1];
node13 -> node11[label = 1];
node1 -> node14[label = 1];
node17 -> node18[label = 1];
node18 -> node19[label = 1];
node19 -> node20[label = 1];
node20 -> node21[label = 1];
node21 -> node22[label = 1];
node22 -> node23[label = 1];
node25 -> node24[label = 1];
node24 -> node26[label = 1];
node26 -> node27[label = 1];
node27 -> node28[label = 1];
node28 -> node29[label = 1];
node11 -> node30[label = 1];
node31 -> node30[label = 1];
node1 -> node32[label = 1];
node11 -> node32[label = 1];
node1 -> node33[label = 1];
node17 -> node35[label = 1];
node1 -> node0[label = 2];
node1 -> node5[label = 2];
node8 -> node9[label = 2];
node15 -> node34[label = 2];
node15 -> node36[label = 2];
node11 -> node31[label = 2];
node15 -> node37[label = 2];
node11 -> node15[label = 3];
node16 -> node17[label = 3];
node15 -> node16[label = 4];
}
